exports[`<SinglePost/> should render correctly 1`] = `null`;
