exports[`<Create/> render methods should render correctly 1`] = `
<form
  className="create-post"
  onSubmit={[Function]}>
  <textarea
    onChange={[Function]}
    placeholder="What\'s on your mind?"
    value="" />
  <button
    className="btn btn-default">
    Post
  </button>
</form>
`;
